#-----------------------------------------------------------
# Webtalk v2016.4 (64-bit)
# SW Build 1756540 on Mon Jan 23 19:11:19 MST 2017
# IP Build 1755317 on Mon Jan 23 20:30:07 MST 2017
# Start of session at: Mon Feb 28 23:00:35 2022
# Process ID: 24001
# Current directory: /home/federico/Documents/progetti/RetiLogiche/project_1_conv/project_1_conv.sim/sim_1/synth/timing
# Command line: wbtcv -mode batch -source /home/federico/Documents/progetti/RetiLogiche/project_1_conv/project_1_conv.sim/sim_1/synth/timing/xsim.dir/project_tb_time_synth/webtalk/xsim_webtalk.tcl -notrace
# Log file: /home/federico/Documents/progetti/RetiLogiche/project_1_conv/project_1_conv.sim/sim_1/synth/timing/webtalk.log
# Journal file: /home/federico/Documents/progetti/RetiLogiche/project_1_conv/project_1_conv.sim/sim_1/synth/timing/webtalk.jou
#-----------------------------------------------------------
source /home/federico/Documents/progetti/RetiLogiche/project_1_conv/project_1_conv.sim/sim_1/synth/timing/xsim.dir/project_tb_time_synth/webtalk/xsim_webtalk.tcl -notrace
